[    0.000000] Linux ersin .1.0-4-geric (uidd@lgw1-d64-031) (gcc ersion 7.3.0 Ubuntu 73.0-16ubuntu3)) #48-Ubuntu SMP Tue Jan 29 16:28:13 UTC 2019 (Ubuntu 4.15.0-45.48-generic 4.15.18)
[    0.000000] Command line: BOOT_IMAGE=/boot/vmlinuz-4.15.0-45-generic root=UUID=6d1c383c-39d5-4f00-a7aa-122d162d6429 ro console=tty1 console=ttyS0
[    0.000000] KERNEL supported cpus:
[    0.000000]   Intel GenuineIntel
[    0.000000]   AMD AuthenticAMD
[    0.000000]   Centaur CentaurHauls
[    0.000000] x86/fpu: Supporting XSAVE feature 0x001: 'x87 floating point registers'
[    0.000000] x86/fpu: Supporting XSAVE feature 0x002: 'SSE registers'
[    0.000000] x86/fpu: Supporting XSAVE feature 0x004: 'AVX registers'
[    0.000000] x86/fpu: xstate_offset[2]:  576, xstate_sizes[2]:  256
[    0.000000] x86/fpu: Enabled xstate features 0x7, context size is 832 bytes, using 'standard' format.
[    0.000000] e820: BIOS-provided physical RAM map:
[    0.000000] BIOS-e820: [mem 0x0000000000000000-0x000000000009fbff] usable
[    0.000000] BIOS-e820: [mem 0x000000000009fc00-0x000000000009ffff] reserved
[    0.000000] BIOS-e820: [mem 0x00000000000f0000-0x00000000000fffff] reserved
[    0.000000] BIOS-e820: [mem 0x0000000000100000-0x000000003ffeffff] usable
[    0.000000] BIOS-e820: [mem 0x000000003fff0000-0x000000003fffffff] ACPI data
[    0.000000] BIOS-e820: [mem 0x000000000fec00000-0x00000000fec00fff] reserved
[    0.000000] BIOS-e820: [mem 0x00000000fee00000-0x00000000fee00fff] reserved
[    0.000000] BIOS-e820: [mem 0x00000000fffc0000-0x00000000ffffffff] reserved
[    0.000000] NX (Execute Disable) protection: active
[    0.000000] SMBIOS 2.5 present.
[    0.000000] DMI: innotek GmbH VirtualBox/VirtualBox, BIOS VirtualBox 12/01/2006
[    0.000000] Hypervisor detected: KVM
[    0.000000] e820: last_pfn = 0x3fff0 max_arch_pfn = 0x400000000[    00000] MTR:Disabl
[    .00000] 86PAT: MTRRs dsabld,kippngPAT intialzation too
   0.000] CPU TRs al bnk - rtalized syste.
[   0000000 x6/PAT:Cofiguation [0-7]: WB  WT  UC- UC  WB  WT  UC- UC  
[    0.000000] found SMP MP-table at [mem 0x0009fff0-0x0009ffff] mapped at [        (ptrval)]
[    0.000000] Scanning 1 areas for low memory corruption
[    0.000000] RAMDISK: [mem 0x359d5000-0x36ce1fff]
[    0.000000] ACPI: Early table checksum verification disabled
[    0.000000] ACPI: RSDP 0x00000000000E0000 000024 (v02 VBOX  )
[    0.000000] ACPI: XSDT 0x000000003FFF0030 00003C (v01 VBOX   VBOXXSDT 00000001 ASL  00000061)
[    0.000000] ACPI: FACP 0x0000000003FFF00F0 0000F4 (v04 VBOX   VBOXFACP 00000001 ASL  00000061)
[    0.000000] ACPI: DSDT 0x000000003FFF0470 0021FF (v02 VBOX   VBOXBIOS 00000002 INTL 20100528)
[    0.000000] ACPI: FACS 0x000000003FFF0200 000040
[    0.000000] ACPI: FACS 0x000000003FFF0200 000040
[    0.000000] ACPI: APIC 0x000000003FFF0240 00005C (v02 VBOX   VBOXAPIC 00000001 ASL  00000061)
[    0.000000] ACPI: SSDT 0x000000003FFF02A0 0001CC (v01 VBOX   VBOXCPUT 00000002 INTL 20100528)
[    0.000000] No NUMA configuration found
[    0.000000] Faking a node at [mem 0x000000000000-0x0000003ffeffff]
[   0.000000 NDE_DATA(0) alocated me 0x3ffc5000-0x3ffeffff
   0.00000] vm-coc cpu 0, msr :3ff44001,prmarycpclock
[    0.000000] kvm-clock: Using msrs4b64d01 and 4b54d00
   0.000000] kvclock: using sched offset of 3959573456 cycles
[    0.000000] clocksource: kvm-clock: mask: 0xffffffffffffffff max_cycles: 0x1cd42e4dffb, max_idle_ns: 881590591483 ns
[    0.000000] Zone ranges:
[    0.000000]   DMA      [mem 0x0000000000001000-0x0000000000ffffff]
[    0.000000]   DMA32    [mem 0x0000000001000000-0x000000003ffeffff]
[    0.000000]   Normal   empty
[    0.000000]   Device   empty
[    0.000000] Movable zone start for each node
[    0.000000] Early memory node ranges
[    0.000000]   node   0: [mem 0x0000000000001000-0x000000000009efff]
[    0.000000]   node   0: [mem 0x0000000000100000-0x000000003ffeffff]
[    0.000000] Reserved but unavailable: 114 pages
[    0.000000] Initmem setup node 0 [mem 0x0000000000001000-0x000000003ffeffff]
[    0.000000] ACPI: M-mer IOPot: 0x4008
[   0.000] IOAPIC[0]: apic_id 2, eron 32,adress 0fe0000 G 0-2
   0.000000] ACPI: INT_RC_OVR (bu 0 bus_irq 0 global_irq 2 df dl)
[   0.00000] AC: INT_SRC_OVR (bus 0 bus_irq 9 global_irq 9 low level)
[    0.0000000] Using ACPI (MADT) for SMP configuration information
[    0.000000] smpboot: Allowing 2 CPUs, 0 hotplug CPUs
[    0.000000] PM: Registered nosave memory: [mem 0x00000000-0x00000fff]
[    0.00000] PM Registed nosave memory: [mem 0x0009f000-0x0009ffff]
[  0.000000] PM: Registered nosave memory: [mem x000a0000-0x000effff]
[    0.000000] PM: Registered nosave memory: [mem 0x000f0000-0x000fffff]
[    0.000000] e820: [mem 0x40000000-0xfebfffff] available for PCI devices
[    0.000000] Booting paravirtualized kernel on KVM
[    0.000000] clocksource: refined-jiffies: mask: 0xffffffff max_cycles: 0xffffffff, max_idle_ns: 7645519600211568 ns
[    0.000000] random: get_random_bytes called from start_kernel+0x99/0x4fd with crng_init=0
[    0.000000] setup_percpu: NR_CPUS:8192 nr_cpumask_bits:2 nr_cpu_ids:2 nr_node_ids:1
[    0.000000] percpu: Embedded 46 pages/cpu @        (ptrval) s151552 r8192 d28672 u1048576
[    0.000000] PV qspinlock hash table entries: 256 (order: 0, 4096 bytes)
[    0.000000] Built 1 zonelists, mobility grouping on.  Total pages: 257913
[    0.000000] Policy zone: DMA32
[    0.000000] Kernel command line: BOOT_IMAGE=/boot/vmlinuz-4.15.0-45-generic root=UUID=6d1c383c-39d5-4f00-a7aa-122d162d6429 ro console=tty1 console=ttyS0
[    0.000000] Memory: 983076K/1048120K available (12300K kernel code, 2473K rwdata, 4252K rodata, 2408K init, 2416K bss, 65044K reserved, 0K cma-reserved)
[    0.000000] SLUB: HWalign=64, Order=0-3, MinObjects=0, CPUs=2, Nodes=1
[    0.000000] Kernel/User page tables isolation: enabled
[    0.000000] ftrace: allocating 39194 entries in 154 pages
[    0.004000] Hierarchical RCU implementation.
[    0.004000] 	RCU restricting CPUs from NR_CPUS=8192 to nr_cpu_ids=2.
[    0.004000] 	Tasks RCU enabled.
[    0.004000] RCU: Adjusting geeometry for rcu_fanout_leaf=16, nr_cpu_ids=2
[    0.004000] NR_IRQS: 524544, nr_irqs: 440, preallocated irqs: 16
[    0.004000] Console: colour VGA+ 80x25
[    0.004000] console [tty1] enabled
[    0.004000] console [ttyS0] enabled
[    0.004000] ACPI: Core revision 20170831
[    0.004000] ACPI: 2 ACPI AML tables successfully acquired and loaded
[    0.004000] APIC: Switch to symmetric I/O mode setup
[    0.004000] x2apic enabled
[    0.004000] Switched APIC routing to physical x2apic.
[    0.004890] ..TIMER: vector=0x30 apic1=0 pin1=2 apic2=-1 pin2=-1
[    0.008005] tsc: Dtected 2304.000 MHz processor
[    0.012014] Calibrating delay loop (skipped) preset value.. 4608.00 BogoMIPS (lpj=9216000)
[    0.016010] pid_max: default: 32768 minimum: 301
[    0.020041] Security Framework initialized
[    0.024007] Yama: becoming mindful.
[    0.025145] AppArmor: AppArmor initialized
[    0.028039] Dentry cache hash table entries: 131072 (order: 8, 1048576 bytes)
[    0.032159] Inode-cache hash table entries: 65536 (order: 7, 524288 bytes)
[    0.034077] Mount-cache hash table entries: 2048 (order: 2, 16384 bytes)
[    0.036005] Mountpoint-cache hash table entries: 2048 (order: 2, 16384 bytes)
[    0.040206] mce: CPU supports 0 MCE banks
[    0.041191] Last level iTLB entries: 4KB 64, 2MB 8, 4MB 8
[    0.044006] Last level dTLB entries: 4KB 64, 2MB 0, 4MB 0, 1GB 4
[    0.048007] Spectre V2 : Mitigation: Full generic retpoline
[    0.052006] Spectre V2 : Spectre v2 / SpectreRSB mitigation: Filling RSB on context switch
[    0.056007] Speculative Store Bypass: Vulnerable
[    0.060093] Freeing SMP alternatives memory: 36K
[    0.068000] smpboot: CPU0: Intel(R) Core(TM) i5-8259U CPU @ 2.30GHz (family: 0x6, model: 0x8e, stepping: 0xa)
[    0.068470] Performance Events: unsupported p6 CPU model 142 no PMU driver, software events only.
[    0.072267] Hierarchical SRCU implementation.
[    0.081154] NMI watchdog: Perf event create on CPU 0 failed with -2
[    0.084009] NMI watchdog: Perf NMI watchdog permanently disabled
[    0.088406] smp: Bringing up secondary CPUs ...
[    0.092861] x86: Booting SMP configuration:
[    0.096011] .... node  #0, CPUs:      #1
[    0.004000] kvm-clock: cpu 1, msr 0:3ff44041, secondary cpu clock
[    0.004000] mce: CPU supports 0 MCE banks
[    0.144169] smp: Brought up 1 node, 2 CPUs
[    0.148010] smpboot: Max logical packages: 1
[    0.152004] smpboot: Total of 2 processors activated (9216.00 BogoMIPS)
[    0.156187] devtmpfs: initialized
[    0.156960] x86/mm: Memory block size: 128MB
[    0.160150] evm: security.selinux
[    0.161080] evm: security.SMACK64
[    0.162020] evm: security.SMACK64EXEC
[    0.164005] evm: security.SMACK64TRANSMUTE
[    0.165134] evm: security.SMACK64MMAP
[    0.166087] evm: security.apparmor
[    0.166997] evm: security.ima
[    0.167797] evm: security.capability
[    0.168135] clocksource: jiffies: mask: 0xffffffff max_cycles: 0xffffffff, max_idle_ns: 7645041785100000 ns
[    0.170443] futex hash table entries: 512 (order: 3, 32768 bytes)
[    0.172067] pinctrl core: initialized pinctrl subsystem
[    0.176059] RTC time:  7:06:36, date: 02/10/19
[    0.177558] NET: Registered protocol family 16
[    0.179087] audit: initializing netlink subsys (disabled)
[    0.180055] audit: type=2000 audit(1549782397.662:1): state=initialized audit_enabled=0 res=1
[    0.182339] cpuidle: using governor ladder
[    0.184009] cpuidle: using governor menu
[    0.185102] ACPI: bus type PCI registered
[    0.186175] acpiphp: ACPI Hot Plug PCI Controller Driver version: 0.5
[    0.188152] PCI: Using configuration type 1 for base access
[    0.193228] HugeTLB registered 2.00 MiB page size, pre-allocated 0 pages
[    0.196091] ACPI: Added _OSI(Module Device)
[    0.197167] ACPI: Added _OSI(Processor Device)
[    0.198313] ACPI: Added _OSI(3.0 _SCP Extensions)
[    0.200003] ACPI: Added _OSI(Processor Aggregator Device)
[    0.204006] ACPI: Added _OSI(Linux-Dell-Video)
[    0.205146] ACPI: Added _OSI(Linux-Lenovo-NV-HDMI-Audio)
[    0.208004] ACPI: Added _OSI(Linux-HPI-Hybrid-Graphics)
[    0.212493] ACPI: Executed 1 blocks of module-level executable AML code
[    0.218185] ACPI: Interpreter enabled
[    0.219148] ACPI: (supports S0 S5)
[    0.220022] ACPI: Using IOAPIC for interrupt routing
[    0.221608] PCI: Using host bridge windows from ACPI; if necessary, use "pci=nocrs" and report a bug
[    0.224255] ACPI: Enabled 2 GPEs in block 00 to 07
[    0.233131] ACPI: PCI Root Bridge [PCI0] (domain 0000 [bus 00-ff])
[    0.234709] acpi PNP0A03:00: _OSC: OS supports [ASPM ClockPM Segments MSI]
[    0.236043] acpi PNP0A03:00: _OSC: not requesting OS control; OS requires [ExtendedConfig ASPM ClockPM MSI]
[    0.240016] acpi PNP0A03:00: fail to add MMCONFIG information, can't access extended PCI configuration space under this bridge.
[    0.243641] PCI host bridge to bus 0000:00
[    0.244006] pci_bus 0000:00: root bus resource [io  0x0000-0x0cf7 window]
[    0.245687] pci_bus 0000:00: root bus resource [io  0x0d00-0xffff window]
[    0.248005] pci_bus 0000:00: root bus resource [mem 0x000a0000-0x000bffff window]
[    0.249852] pci_bus 0000:00: root bus resource [mem 0x40000000-0xfdffffff window]
[    0.252004] pci_bus 0000:00: root bus resource [bus 00-ff]
[    0.258200] pci 0000:00:01.1: legacy IDE quirk: reg 0x10: [io  0x01f0-0x01f7]
[    0.260000] pci 0000:00:01.1: legacy IDE quirk: reg 0x14: [io  0x03f6]
[    0.260006] pci 0000:00:01.1: legacy IDE quirk: reg 0x18: [io  0x0170-0x0177]
[    0.264007] pci 0000:00:01.1: legacy IDE quirk: reg 0x1c: [io  0x0376]
[    0.287104] pci 0000:00:07.0: quirk: [io  0x4000-0x403f] claimed by PIIX4 ACPI
[    0.288031] pci 0000:00:07.0: quirk: [io  0x4100-0x410f] claimed by PIIX4 SMB
[    0.303404] ACPI: PCI Interrupt Link [LNKA] (IRQs 5 9 10 *11)
[    0.304384] ACPI: PCI Interrupt Link [LNKB] (IRQs 5 9 *10 11)
[    0.305972] ACPI: PCI Interrupt Link [LNKC] (IRQs 5 *9 10 11)
[    0.308235] ACPI: PCI Interrupt Link [LNKD] (IRQs 5 9 10 *11)
[    0.312877] SCSI subsystem initialized
[    0.316087] pci 0000:00:02.0: vgaarb: setting as boot VGA device
[    0.317701] pci 0000:00:02.0: vgaarb: VGA device added: decodes=io+mem,owns=io+mem,locks=none
[    0.320011] pci 0000:00:02.0: vgaarb: bridge control possible
[    0.321641] vgaarb: loaded
[    0.324067] ACPI: bus type USB registered
[    0.325150] usbcore: registered new interface driver usbfs
[    0.326509] usbcore: registered new interface driver hub
[    0.328024] usbcore: registered new device driver usb
[    0.332093] EDAC MC: Ver: 3.0.0
[    0.333255] PCI: Using ACPI for IRQ routing
[    0.336350] NetLabel: Initializing
[    0.337556] NetLabel:  domain hash size = 128
[    0.338740] NetLabel:  protocols = UNLABELED CIPSOv4 CALIPSO
[    0.340041] NetLabel:  unlabeled traffic allowed by default
[    0.344138] clocksource: Switched to clocksource kvm-clock
[    0.364488] VFS: Disk quotas dquot_6.6.0
[    0.365541] VFS: Dquot-cache hash table entries: 512 (order 0, 4096 bytes)
[    0.367421] AppArmor: AppArmor Filesystem Enabled
[    0.368690] pnp: PnP ACPI init
[    0.371066] np: Pn ACPIfod  dic

[    0.624565] clocksource: acpi_pm: mask: 0xffffff max_cycles: 0xffffff, max_idle_ns: 2085701024 ns
[    0.627461] NET: Registered protocol family 2
[    0.630568] TCP established hash table entries: 8192 (order: 4, 65536 bytes)
[    0.632710] TCP bind hash table entries: 8192 (order: 5, 131072 bytes)
[    0.634586] TCP: Hash tables configured (established 8192 bind 8192)
[    0.636455] UDP hash table entries: 512 (order: 2, 16384 bytes)
[    0.637991] UDP-Lite hash table entries: 512 (order: 2, 16384 bytes)
[    0.639756] NET: Registered protocol family 1
[    0.640972] pci 0000:00:00.0: Limiting direct CICItrsfrs
  0.8054 pi 00:0:00: Activating IS D hg rkounds
[   1.310903] pci 0000:00:02.0: Video device with shadowed ROM at [mem 0x000c0000-0x000dffff]
[    1.337095] Unpacking initramfs...

[    1.612113] Freeing initrd memory: 19508K
[    1.653235] platform rtc_cmos: registered platform RTC device (no PNP device found)
[    1.666909] Scanning for low memory corruption every 60 seconds
[    1.675737] Initialise system trusted keyrings
[    1.678790] Key type blacklist registered
[    1.687121] workingset: timestamp_bits=36 max_order=18 bucket_order=0
[    1.689564] zbud: loaded
[    1.690696] squashfs: version 4.0 (2009/01/31) Phillip Lougher
[    1.694153] fuse init (API version 7.26)
[    1.704166] Key type asymmetric registered
[    1.706139] Asymmetric key parser 'x509' registered
[    1.710724] Block layer SCSI generic (bsg) driver version 0.4 loaded (major 246)
[    1.715015] io scheduler noop registered
[    1.716850] io scheduler deadline registered
[    1.720362] io scheduler cfq registered (default)
[    1.723092] ACPI: AC Adapter [AC] (on-line)
[    1.726140] input: Power Button as /devices/LNXSYSTM:00/LNXPWRBN:00/input/input0
[    1.728966] ACPI: Power Button [PWRF]
[    1.730226] input: Sleep Button as /devices/LNXSYSTM:00/LNXSLPBN:00/input/input1
[    1.732143] ACPI: Sleep Button [SLPF]
[    1.735259] ACPI: Battery Slot [BAT0] (battery present)
[    1.742801] Serial: 8250/16550 driver, 32 ports, IRQ sharing enabled
[   1.77028]0:: tt0 atI/0x8 (i =, base_baud 15200) is a 16550A

[    2.254083] Linux agpgart interface v0.103
[    2.260618] loop: module loaded
[    2.262710] scsi host0: ata_piix
[    2.264620] scsi host1: ata_piix
[    2.265610] ata1: PATA max UDMA/33 cmd 0x1f0 ctl 0x3f6 bmdma 0xd000 irq 14
[    2.267386] ata2: PATA max UDMA/33 cmd 0x170 ctl 0x376 bmdma 0xd008 irq 15
[    2.269313] libphy: Fixed MDIO Bus: probed
[    2.270538] tun: Universal TUN/TAP device driver, 1.6
[    2.272045] PPP generic driver version 2.4.2
[    2.273384] ehci_hcd: USB 2.0 'Enhanced' Host Controller (EHCI) Driver
[    2.275017] ehci-pci: EHCI PCI platform driver
[    2.276158] ehci-platform: EHCI generic platform driver
[    2.277557] ohci_hcd: USB 1.1 'Open' Host Controller (OHCI) Driver
[    2.279567] ohci-pci: OHCI PCI platform driver
[    2.283237] ohci-platform: OHCI generic platform driver
[    2.294802] uhci_hcd: USB Universal Host Controller Interface driver
[    2.302432] i8042: PNP: PS/2 Controller [PNP0303:PS2K,PNP0f03:PS2M] at 0x60,0x64 irq 1,12
[    2.305662] serio: i8042 KBD port at 0x60,0x64 irq 1
[    2.307312] serio: i8042 AUX port at 0x60,0x64 irq 12
[    2.310549] mousedev: PS/2 mouse device common for all mice
[    2.313293] input: AT Translated Set 2 keyboard as /devices/platform/i8042/serio0/input/input2
[    2.316234] rtc_cmos rtc_cmos: rtc core: registered rtc_cmos as rtc0
[    2.316298] rtc_cmos rtc_cmos: alarms up to one day, 114 bytes nvram
[    2.316311] i2c /dev entries driver
[    2.316317] pcie_mp2_amd: AMD(R) PCI-E MP2 Communication Driver Version: 1.0
[    2.316395] device-mapper: uevent: version 1.0.3
[    2.316454] device-mapper: ioctl: 4.37.0-ioctl (2017-09-20) initialised: dm-devel@redhat.com
[    2.339202] ledtrig-cpu: registered to indicate activity on CPUs
[    2.341355] NET: Registered protocol family 10
[    2.348892] Segment Routing with IPv6
[    2.350203] NET: Registered protocol family 17
[    2.351544] Key type dns_resolver registered
[    2.352977] RAS: Correctable Errors collector initialized.
[    2.354457] sched_clock: Marking stable (2352947506, 0)->(6585892119, -4232944613)
[    2.357065] registered taskstats version 1
[    2.358070] Loading compiled-in X.509 certificates
[    2.361600] Loaded X.509 cert 'Build time autogenerated kernel key: e3b8f44ffaaceef3e3a84cfaebd8e5a9acebeaad'
[    2.364011] zswap: loaded using pool lzo/zbud
[    2.369767] Key type big_key registered
[    2.370764] Key type trusted registered
[    2.373030] Key type encrypted registered
[    2.374027] AppArmor: AppArmor sha1 policy hashing enabled
[    2.375346] ima: No TPM chip found, activating TPM-bypass! (rc=-19)
[    2.419294] ima: Allocated hash algorithm: sha1
[    2.513118] evm: HMAC attrs: 0x1
[    2.568554]   Magic number: 7:530:116
[    2.569583] rtc_cmos rtc_cmos: setting system clock to 2019-02-10 07:06:38 UTC (1549782398)
[    2.571749] BIOS EDD facility v0.16 2004-Jun-25, 0 devices found
[    2.573490] EDD information not available.
[    2.649747] Freeing unused kernel memory: 2408K
[    2.708365] tsc: Refined TSC clocksource calibration: 2305.012 MHz
[    2.740648] clocksource: tsc: mask: 0xffffffffffffffff max_cycles: 0x2139b3ded62, max_idle_ns: 440795313696 ns
[    2.756511] Write protecting the kernel read-only data: 20480k
[    2.798884] Freeing unused kernel memory: 2008K
[    2.802951] Freeing unused kernel memory: 1892K
[    2.808909] x86/mm: Checked W+X mappings: passed, no W+X pages found.
[    2.811137] x86/mm: Checking user space page tables
[    2.816961] x86/mm: Checked W+X mappings: passed, no W+X pages found.
Loading, please wait...
starting version 237
[    2.878050] e1000: Intel(R) PRO/1000 Network Driver - version 7.3.21-k8-NAPI
[    2.981006] e1000: Copyright (c) 1999-2006 Intel Corporation.
[    3.108439] Fusion MPT base driver 3.04.20
[    3.162755] Copyright (c) 1999-2008 LSI Corporation
[    3.168217] Fusion MPT SPI Host driver 3.04.20
[    3.189315] AVX2 version of gcm_enc/dec engaged.
[    3.265666] AES CTR mode by8 optimization enabled
[    3.402436] input: ImExPS/2 Generic Explorer Mouse as /devices/platform/i8042/serio1/input/input4
[    3.650104] e1000 0000:00:03.0 eth0: (PCI:33MHz:32-bit) 02:2f:73:ea:27:92
[    3.813330] e1000 0000:00:03.0 eth0: Intel(R) PRO/1000 Network Connection
[    4.327837] e1000 0000:00:08.0 eth1: (PCI:33MHz:32-bit) 08:00:27:af:f0:b5
[    4.476228] e1000 0000:00:08.0 eth1: Intel(R) PRO/1000 Network Connection
[    4.596608] e1000 0000:00:03.0 enp0s3: renamed from eth0
[    4.600216] mptbase: ioc0: Initiating bringup
[    4.632797] e1000 0000:00:08.0 enp0s8: renamed from eth1
[    4.796662] ioc0: LSI53C1030 A0: Capabilities={Initiator}
[    5.809138] scsi host2: ioc0: LSI53C1030 A0, FwRev=00000000h, Ports=1, MaxQ=256, IRQ=20
[    6.786981] scsi 2:0:0:0: Direct-Access     VBOX     HARDDISK         1.0  PQ: 0 ANSI: 5
[    7.020392] scsi target2:0:0: Beginning Domain Validation
[    7.134820] scsi target2:0:0: Domain Validation skipping write tests
[    7.136346] scsi target2:0:0: Ending Domain Validation
[    7.137633] scsi target2:0:0: asynchronous
[    7.140030] scsi 2:0:1:0: Direct-Access     VBOX     HARDDISK         1.0  PQ: 0 ANSI: 5
[    7.172036] scsi target2:0:1: Beginning Domain Validation
[    7.182400] random: fast init done
[    7.184755] scsi target2:0:1: Domain Validation skipping write tests
[    7.186843] scsi target2:0:1: Ending Domain Validation
[    7.188538] scsi target2:0:1: asynchronous
[    7.196982] random: systemd-udevd: uninitialized urandom read (16 bytes read)
[    7.199208] random: systemd-udevd: uninitialized urandom read (16 bytes read)
[    7.203991] random: systemd-udevd: uninitialized urandom read (16 bytes read)
[    7.206348] sd 2:0:0:0: Attached scsi generic sg0 type 0
[    7.208717] sd 2:0:0:0: [sda] 20971520 512-byte logical blocks: (10.7 GB/10.0 GiB)
[    7.212285] sd 2:0:1:0: Attached scsi generic sg1 type 0
[    7.213812] sd 2:0:0:0: [sda] Write Protect is off
[    7.217091] sd 2:0:1:0: [sdb] 20480 512-byte logical blocks: (10.5 MB/10.0 MiB)
[    7.218991] sd 2:0:0:0: [sda] Incomplete mode parameter data
[    7.220574] sd 2:0:0:0: [sda] Assuming drive cache: write through
[    7.220615] sd 2:0:1:0: [sdb] Write Protect is off
[    7.220834] sd 2:0:1:0: [sdb] Incomplete mode parameter data
[    7.220836] sd 2:0:1:0: [sdb] Assuming drive cache: write through
[    7.223618] sd 2:0:1:0: [sdb] Attached SCSI disk
[    7.233097]  sda: sda1
[    7.234458] sd 2:0:0:0: [sda] Attached SCSI disk
Begin: Loading essential drivers ... [    8.632339] raid6: sse2x1   gen() 11630 MB/s
[    8.752020] raid6: sse2x1   xor()  8799 MB/s
[    8.872258] raid6: sse2x2   gen() 14952 MB/s
[    8.984254] raid6: sse2x2   xor()  9535 MB/s
[    9.072239] raid6: sse2x4   gen() 16647 MB/s
[    9.156202] raid6: sse2x4   xor()  9669 MB/s
[    9.284200] raid6: avx2x1   gen() 24869 MB/s
[    9.404186] raid6: avx2x1   xor() 15829 MB/s
[    9.452257] raid6: avx2x2   gen() 28716 MB/s
[    9.564277] raid6: avx2x2   xor() 18644 MB/s
[    9.684258] raid6: avx2x4   gen() 34614 MB/s
[    9.796074] raid6: avx2x4   xor() 20585 MB/s
[    9.874126] raid6: using algorithm avx2x4 gen() 34614 MB/s
[    9.956393] raid6: .... xor() 20585 MB/s, rmw enabled
[   10.036926] raid6: using avx2x2 recovery algorithm
[   10.054368] xor: automatically using best checksumming function   avx       
[   10.156803] async_tx: api initialized (async)
done.
Begin: Running /scripts/init-pre[   10.244745] Btrfs loaded, crc32c=crc32c-intel
mount ... done.
Begin: Mounting root file system ... Begin: Running /scripts/local-top ... done.
Begin: Running /scripts/local-premount ... Scanning for Btrfs filesystems
done.
Warning: fsck not present, so skipping root file system
[   10.411758] EXT4-fs (sda1): mounted filesystem with ordered data mode. Opts: (null)
done.
Begin: Running /scripts/local-bottom ... done.
Begin: Running /scripts/init-bottom ... done.
[   10.583961] ip_tables: (C) 2000-2006 Netfilter Core Team
[   10.593214] systemd[1]: systemd 237 running in system mode. (+PAM +AUDIT +SELINUX +IMA +APPARMOR +SMACK +SYSVINIT +UTMP +LIBCRYPTSETUP +GCRYPT +GNUTLS +ACL +XZ +LZ4 +SECCOMP +BLKID +ELFUTILS +KMOD -IDN2 +IDN -PCRE2 default-hierarchy=hybrid)
[   10.598375] systemd[1]: Detected virtualization oracle.
[   10.599653] systemd[1]: Detected architecture x86-64.

Welcome to [1mUbuntu 18.04.1 LTS[0m!

[   10.637545] systemd[1]: Set hostname to <ubuntu-bionic>.
[   11.012658] systemd[1]: Set up automount Arbitrary Executable File Formats File System Automount Point.
[[0;32m  OK  [0m] Set up automount Arbitrary Executabâ€¦rmats File System Automount Point.
[   11.018563] systemd[1]: Started Forward Password Requests to Wall Directory Watch.
[[0;32m  OK  [0m] Started Forward Password Requests to Wall Directory Watch.
[   11.152459] systemd[1]: Created slice User and Session Slice.
[[0;32m  OK  [0m] Created slice User and Session Slice.
[   11.353162] systemd[1]: Reached target System Time Synchronized.
[[0;32m  OK  [0m] Reached target System Time Synchronized.
[   11.437762] systemd[1]: Created slice System Slice.
[[0;32m  OK  [0m] Created slice System Slice.
[   11.441038] systemd[1]: Listening on Journal Socket (/dev/log).
[[0;32m  OK  [0m] Listening on Journal Socket (/dev/log).
[[0;32m  OK  [0m] Reached target Slices.
[[0;32m  OK  [0m] Listening on Device-mapper event daemon FIFOs.
[[0;32m  OK  [0m] Listening on udev Control Socket.
[[0;32m  OK  [0m] Listening on LVM2 metadata daemon socket.
[[0;32m  OK  [0m] Listening on /dev/initctl Compatibility Named Pipe.
[[0;32m  OK  [0m] Listening on Network Service Netlink Socket.
[[0;32m  OK  [0m] Listening on LVM2 poll daemon socket.
[[0;32m  OK  [0m] Listening on Syslog Socket.
[[0;32m  OK  [0m] Listening on Journal Audit Socket.
[[0;32m  OK  [0m] Listening on udev Kernel Socket.
[[0;32m  OK  [0m] Reached target User and Group Name Lookups.
[[0;32m  OK  [0m] Reached target Swap.
[[0;32m  OK  [0m] Listening on Journal Socket.
         Mounting Kernel Debug File System...
         Starting Journal Service...
         Starting Remount Root and Kernel File Systems...
         Mounting Huge Pages File System...
         Mounting POSIX Message Queue File System...
         Starting Create list of required stâ€¦ce nodes for the current kernel...
         Starting Monitoring of LVM2 mirrorsâ€¦ng dmeventd or progress polling...
         Starting Set the console keyboard layout...
         Starting Uncomplicated firewall...
         Starting udev Coldplug all Devices...
         Starting Load Kernel Modules...
[[0;32m  OK  [0m] Created slice system-serial\x2dgetty.slice.
[[0;32m  OK  [0m] Mounted Kernel Debug File System.
[[0;32m  OK  [0m] Mounted Huge Pages File System.
[[0;32m  OK  [0m] Mounted POSIX Message Queue File System.
[[0;32m  OK  [[   11.691202] EXT4-fs (sda1): re-mounted. Opts: (null)
0m] Started Create list of required staâ€¦vice n[   11.820848] Loading iSCSI transport class v2.0-870.
odes for the current kernel.
[   11.900891] iscsi: registered transport (tcp)
[[0;32m  OK  [0m] Started Jour[   11.995000] iscsi: registered transport (iser)
nal Service.
[[0;32m  OK  [0m] Started Remount Root and Kernel File Systems.
[[0;32m  OK  [0m] Started Set the console keyboard layout.
[[0;32m  OK  [0m] Started Uncomplicated firewall.
[[0;32m  OK  [0m] Started Load Kernel Modules.
[[0;32m  OK  [0m] Started udev Coldplug all Devices.
[[0;32m  OK  [0m] Started LVM2 metadata daemon.
         Starting Apply Kernel Variables...
         Mounting Kernel Configuration File System...
         Mounting FUSE Control File System...[   12.275490] random: crng init done
[   12.336158] random: 7 urandom warning(s) missed due to ratelimiting

         Starting Initial cloud-init job (pre-networking)...
         Starting Load/Save Random Seed...
         Starting Flush Journal to Persistent Storage...
         Starting Create Static Device Nodes in /dev...
[[0;32m  OK  [0m] Started Monitoring of LVM2 mirrors,â€¦sing dmeventd or progress polling.
[[0;32m  OK  [0m] Started Apply Kernel Variables.
[[0;32m  OK  [0m] Mounted Kernel Configuration File System.
[[0;32m  OK  [0m] Mounted FUSE Control File System.
[[0;32m  OK  [0m] Started Load/Save Random Seed.
[[0;32m  OK  [0m] Started Create Static Device Nodes in /dev.
[[0;32m  OK  [0m] Reached target Local File Systems (Pre).
[[0;32m  OK  [0m] Reached target Local File Systems.
         Starting ebtables ruleset management...
         Starting Tell Plymouth To Write Out Runtime Data...
         Starting Set console font and keymap...
         Starting AppArmor initialization...
         Starting udev Kernel Device Manager...
[[0;32m  OK  [0m] Started Tell Plymouth To Write Out Runtime Data.
[[0;32m  OK  [0m] Started Set console font and keymap.
[[0;32m  OK  [0m] Started udev Kernel Device Manager.
[[0;32m  OK  [0m] Started Dispatch Password Requests to Console Directory Watch.
[[0;32m  OK  [0m] Reached target Local Encrypted Volumes.
[[0;32m  OK  [0m] Started ebtables ruleset management.
[[0;32m  OK  [0m] Started Flush Journal to Persistent Storage.
         Starting Create Volatile Files and Directories...
[[0;32m  OK  [0m] Started Create Volatile Files and Directories.
         Starting Update UTMP about System Boot/Shutdown...
[[0;32m  OK  [0m] Started Update UTMP about System Boot/Shutdown.
[[0;32m  OK  [0m] Found device /dev/ttyS0.
[[0;32m  OK  [0m] Listening on Load/Save RF Kill Switch Status /dev/rfkill Watch.
[[0;32m  OK  [0m] Started AppArmor initialization.
[   13.810706] cloud-init[419]: Cloud-init v. 18.4-0ubuntu1~18.04.1 running 'init-local' at Sun, 10 Feb 2019 07:06:49 +0000. Up 13.63 seconds.
[[0;32m  OK  [0m] Started Initial cloud-init job (pre-networking).
[[0;32m  OK  [0m] Reached target Network (Pre).
         Starting Network Service...
[[0;32m  OK  [0m] Started Network Service.
         Starting Wait for Network to be Configured...
         Starting Network Name Resolution...
[[0;32m  OK  [0m] Started Network Name Resolution.
[[0;32m  OK  [0m] Reached target Host and Network Name Lookups.
[[0;32m  OK  [0m] Reached target Network.
[[0;32m  OK  [0m] Started Wait for Network to be Configured.
         Starting Initial cloud-init job (metadata service crawler)...
[   16.064375] cloud-init[695]: Cloud-init v. 18.4-0ubuntu1~18.04.1 running 'init' at Sun, 10 Feb 2019 07:06:51 +0000. Up 15.94 seconds.
[   16.081563] cloud-init[695]: ci-info: ++++++++++++++++++++++++++++++++++++++Net device info+++++++++++++++++++++++++++++++++++++++
[   16.084170] cloud-init[695]: ci-info: +--------+------+-----------------------------+---------------+--------+-------------------+
[   16.086853] cloud-init[695]: ci-info: | Device |  Up  |           Address           |      Mask     | Scope  |     Hw-Address    |
[   16.120425] cloud-init[695]: ci-info: +--------+------+-----------------------------+---------------+--------+-------------------+
[   16.139979] cloud-init[695]: ci-info: | enp0s3 | True |          10.0.2.15          | 255.255.255.0 | global | 02:2f:73:ea:27:92 |
[   16.167166] cloud-init[695]: ci-info: | enp0s3 | True |  fe80::2f:73ff:feea:2792/64 |       .       |  link  | 02:2f:73:ea:27:92 |
[   16.169870] cloud-init[695]: ci-info: | enp0s8 | True |        192.168.33.10        | 255.255.255.0 | global | 08:00:27:af:f0:b5 |
[   16.173154] cloud-init[695]: ci-info: | enp0s8 | True | fe80::a00:27ff:feaf:f0b5/64 |       .       |  link  | 08:00:27:af:f0:b5 |
[   16.184176] cloud-init[695]: ci-info: |   lo   | True |          127.0.0.1          |   255.0.0.0   |  host  |         .         |
[   16.187268] cloud-init[695]: ci-info: |   lo   | True |           ::1/128           |       .       |  host  |         .         |
[   16.190081] cloud-init[695]: ci-info: +--------+------+-----------------------------+---------------+--------+-------------------+
[   16.213720] cloud-init[695]: ci-info: +++++++++++++++++++++++++++++Route IPv4 info+++++++++++++++++++++++++++++
[   16.216285] cloud-init[695]: ci-info: +-------+--------------+----------+-----------------+-----------+-------+
[   16.218505] cloud-init[695]: ci-info: | Route | Destination  | Gateway  |     Genmask     | Interface | Flags |
[   16.259621] cloud-init[695]: ci-info: +-------+--------------+----------+-----------------+-----------+-------+
[   16.335306] [[0;32m  OK  [0m] Started Initial cloud-init job (metadata service crawler).
cloud-init[[0;32m  OK  [0m] Reached target Cloud-config availability.
[695]: [[0;32m  OK  [0m] Reached target Network is Online.
ci-info: |   0   |   0.0.0.0    | 10.0.2.2 |     0.0.0.0     |   enp0s3  |   UG  |
[[   16.481162] [0;32m  OK  [0m] Reached target Remote File Systems (Pre).
cloud-init[[0;32m  OK  [0m] Reached target Remote File Systems.
[695]: ci-info: |   1   |   10.0.2.0   | 0.0.0.0  |  255.255.255.0  |   enp0s3  |   U   |
         Starting Availability of block devices...
[   16.589087] [[0;32m  OK  [0m] Reached target System Initialization.
cloud-init[695]: ci-info: |   2   |   10.0.2.2   | 0.0.0.0  | 255.255.255.255 |   enp0s3  |   UH  |
[   16.701512] [[0;32m  OK  [0m] Started ACPI Events Check.
cloud-init[[0;32m  OK  [0m] Listening on ACPID Listen Socket.
[695]: ci-info: |   3   | 192.168.33.0 | 0.0.0.0  |  255.255.255.0  |   enp0s8  |   U   |
[[   16.788530] [0;32m  OK  [0mcloud-init] [695]: Started Message of the Day.ci-info: +-------+--------------+----------+-----------------+-----------+-------+

[[   16.877366] [0;32m  OK  [0mcloud-init] [695]: Started Daily apt download activities.ci-info: +++++++++++++++++++Route IPv6 info+++++++++++++++++++

[[0;32m  OK  [0m] Started Daily apt upgrade and clean activities.
[[0;32m  OK  [0m] Listening on UUID daemon activation socket.
[[0;32m  OK  [0m] Listening on D-Bus System Message Bus Socket.
[[0;32m  OK  [0m] Listening on Open-iSCSI iscsid Socket.
[   16.957220] cloud-init[695]: ci-info: +-------+-------------+---------+-----------+-------+
[[0;32m  OK  [0m] Started Discard unused blocks once a week.
[[0;32m  OK  [0m] Reached target Paths.
         Starting Socket activation for snappy daemon.
[   17.056247] cloud-init[695]: ci-info: | Route | Destination | Gateway | Interface | Flags |
[   17.066890] cloud-init[695]: ci-info: +-------+-------------+---------+-----------+-------+
[   17.069982] cloud-init[695]: ci-info: |   1   |  fe80::/64  |    ::   |   enp0s8  |   U   |
[   17.072641] cloud-init[695]: ci-info: |   2   |  fe80::/64  |    ::   |   enp0s3  |   U   |
[   17.075015] cloud-init[695]: ci-info: |   4   |    local    |    ::   |   enp0s3  |   U   |
[   17.078895] cloud-init[695]: ci-info: |   5   |    local    |    ::   |   enp0s8  |   U   |
[   17.081403]          cloud-init[695]: ci-info: |   6   |   ff00::/8  |    ::   |   enp0s8  |   U   |
Starting LXD - unix socket.[   17.082322] cloud-init[695]: ci-info: |   7   |   ff00::/8  |    ::   |   enp0s3  |   U   |

[[0;32m  OK  [0m] Started Daily Cleanup of Temporary Directories.
[[0;32m  OK  [0m] Reached target Timers.
[[0;32m  OK  [0m] Started Availability of block devices.
[[0;32m  OK  [0m] Listening on Socket activation for snappy daemon.
[[0;32m  OK  [0m] Listening on LXD - unix socket.
[[0;32m  OK  [0m] Reached target Sockets.
[[0;32m  OK  [0m] Reached target Basic System.
[   17.084643] cloud-init[695]: ci-info: +-------+-------------+---------+-----------+-------+
         Starting vboxadd.service...
         Starting System Logging Service...
         Starting Accounts Service...
[[0;32m  OK  [0m] Started FUSE filesystem for LXC.
         Starting Daily apt upgrade and clean activities...
         Starting OpenBSD Secure Shell server...
         Starting Dispatcher daemon for systemd-networkd...
         Starting Permit User Sessions...
[[0;32m  OK  [0m] Started Regular background program processing daemon.
         Starting LSB: automatic crash report generation...
         Starting Login Service...
         Starting LSB: Record successful boot for GRUB...
         Starting Snappy daemon...
[[0;32m  OK  [0m] Started D-Bus System Message Bus.
[[0;32m  OK  [0m] Started Login Service.
[[0;32m  OK  [0m] Started Unattended Upgrades Shutdown.
         Starting LXD - container startup/shutdown...
[[0;32m  OK  [0m] Started irqbalance daemon.
[[0;32m  OK  [0m] Started Deferred execution scheduler.
[[0;32m  OK  [0m] Started System Logging Service.
[[0;32m  OK  [0m] Started Snappy daemon.
[[0;32m  OK  [0m] Started Permit User Sessions.
         Starting Hold until boot process finishes up...
         Starting Terminate Plymouth Boot Screen...
         Starting Wait until snapd is fully seeded...
[[0;32m  OK  [0m] Started Hold until boot process finishes up.
[[0;32m  OK  [0m] Started OpenBSD Secure Shell server.
[[0;32m  OK  [0m] Started Terminate Plymouth Boot Screen.
         Starting Authorization Manager...
[[0;32m  OK  [0m] Started Serial Getty on ttyS0.
         Starting Set console scheme...
[[0;32m  OK  [0m] Started Wait until snapd is fully seeded.
         Starting Apply the settings specified in cloud-config...
[[0;32m  OK  [0m] Started LSB: automatic crash report generation.
[[0;32m  OK  [0m] Started Set console scheme.
[[0;32m  OK  [0m] Started Authorization Manager.
[[0;32m  OK  [0m] Started Accounts Service.
[[0;32m  OK  [0m] Created slice system-getty.slice.
[[0;32m  OK  [0m] Started Getty on tty1.
[[0;32m  OK  [0m] Reached target Login Prompts.
[[0;32m  OK  [0m] Started LXD - container startup/shutdown.
[[0;32m  OK  [0m] Started LSB: Record successful boot for GRUB.
[[0;32m  OK  [0m] Started Dispatcher daemon for systemd-networkd.
[[0;32m  OK  [0m] Started vboxadd.service.
         Starting vboxadd-service.service...
[[0;32m  OK  [0m] Started vboxadd-service.service.
[[0;32m  OK  [0m] Reached target Multi-User System.
[[0;32m  OK  [0m] Reached target Graphical Interface.
         Starting Update UTMP about System Runlevel Changes...
[[0;32m  OK  [0m] Started Update UTMP about System Runlevel Changes.
[   18.404968] cloud-init[1077]: Cloud-init v. 18.4-0ubuntu1~18.04.1 running 'modules:config' at Sun, 10 Feb 2019 07:06:54 +0000. Up 18.32 seconds.
[[0;32m  OK  [0m] Started Apply the settings specified in cloud-config.
         Starting Execute cloud user/final scripts...
[   18.961888] cloud-init[1257]: Cloud-init v. 18.4-0ubuntu1~18.04.1 running 'modules:final' at Sun, 10 Feb 2019 07:06:54 +0000. Up 18.88 seconds.
[[0;32m  OK  [0m] Started Execute cloud user/final scripts.
[   19.006778] [[0;32m  OK  [0m] Reached target Cloud-init target.
cloud-init[1257]: Cloud-init v. 18.4-0ubuntu1~18.04.1 finished at Sun, 10 Feb 2019 07:06:54 +0000. Datasource DataSourceNoCloud [seed=/dev/sdb][dsmode=net].  Up 18.95 seconds
[[0;32m  OK  [0m] Started Daily apt upgrade and clean activities.

Ubuntu 18.04.1 LTS ubuntu-bionic ttyS0

ubuntu-bionic login: 